\BOOKMARK [0][-]{Doc-Start}{}{}% 1
\BOOKMARK [0][-]{Doc-Start}{\376\377\000A\000g\000r\000a\000d\000e\000c\000i\000m\000i\000e\000n\000t\000o\000s\000.}{}% 2
\BOOKMARK [0][-]{chapter*.2}{\376\377\000\315\000n\000d\000i\000c\000e\000\040\000d\000e\000\040\000f\000i\000g\000u\000r\000a\000s}{}% 3
\BOOKMARK [0][-]{chapter*.3}{\376\377\000\315\000n\000d\000i\000c\000e\000\040\000d\000e\000\040\000t\000a\000b\000l\000a\000s}{}% 4
\BOOKMARK [0][-]{chapter*.4}{}{}% 5
\BOOKMARK [0][-]{section*.5}{\376\377\000R\000e\000s\000u\000m\000e\000n\000.}{}% 6
\BOOKMARK [0][-]{chapter.1}{}{}% 7
\BOOKMARK [1][-]{section.0.1}{}{chapter.1}% 8
\BOOKMARK [1][-]{section.0.1}{}{chapter.1}% 9
\BOOKMARK [1][-]{section.0.1}{}{chapter.1}% 10
\BOOKMARK [1][-]{section.0.1}{}{chapter.1}% 11
\BOOKMARK [1][-]{section.0.1}{}{chapter.1}% 12
\BOOKMARK [1][-]{section.0.1}{}{chapter.1}% 13
\BOOKMARK [0][-]{chapter.1}{\376\377\000I\000n\000t\000r\000o\000d\000u\000c\000c\000i\000\363\000n}{}% 14
\BOOKMARK [1][-]{section.1.1}{\376\377\000M\000o\000t\000i\000v\000o\000\040\000d\000e\000\040\000l\000a\000\040\000t\000e\000s\000i\000s}{chapter.1}% 15
\BOOKMARK [1][-]{section.1.2}{\376\377\000M\000e\000t\000o\000d\000o\000l\000o\000g\000\355\000a}{chapter.1}% 16
\BOOKMARK [1][-]{section.1.3}{\376\377\000A\000n\000t\000e\000c\000e\000d\000e\000n\000t\000e\000s\000\040\000d\000e\000l\000\040\000e\000s\000t\000u\000d\000i\000o\000\040\000d\000e\000\040\000l\000a\000\040\000r\000a\000d\000i\000a\000c\000i\000\363\000n\000\040\000s\000o\000l\000a\000r\000\040\000e\000n\000\040\000A\000r\000g\000e\000n\000t\000i\000n\000a\000\040\000y\000\040\000e\000l\000\040\000N\000O\000A\000.}{chapter.1}% 17
\BOOKMARK [1][-]{section.1.4}{\376\377\000R\000e\000d\000e\000s\000\040\000d\000e\000\040\000M\000e\000d\000i\000d\000a\000s}{chapter.1}% 18
\BOOKMARK [1][-]{section.1.5}{\376\377\000M\000o\000d\000e\000l\000o\000s\000\040\000d\000e\000\040\000E\000s\000t\000i\000m\000a\000c\000i\000\363\000n}{chapter.1}% 19
\BOOKMARK [1][-]{section.1.6}{\376\377\000C\000o\000n\000t\000r\000o\000l\000\040\000d\000e\000\040\000C\000a\000l\000i\000d\000a\000d}{chapter.1}% 20
\BOOKMARK [0][-]{chapter.2}{}{}% 21
\BOOKMARK [1][-]{section.1.1}{}{chapter.2}% 22
\BOOKMARK [1][-]{section.1.1}{}{chapter.2}% 23
\BOOKMARK [2][-]{subsection.1.0.1}{}{section.1.1}% 24
\BOOKMARK [2][-]{subsection.1.0.1}{}{section.1.1}% 25
\BOOKMARK [1][-]{section.1.1}{}{chapter.2}% 26
\BOOKMARK [1][-]{section.1.1}{}{chapter.2}% 27
\BOOKMARK [2][-]{subsection.1.0.1}{}{section.1.1}% 28
\BOOKMARK [1][-]{section.1.1}{}{chapter.2}% 29
\BOOKMARK [2][-]{subsection.1.0.1}{\376\377\000M\000o\000d\000e\000l\000o\000\040\000d\000e\000\040\000r\000e\000d\000\040\000n\000e\000u\000r\000o\000n\000a\000l}{section.1.1}% 30
\BOOKMARK [2][-]{subsection.1.0.2}{}{section.1.1}% 31
\BOOKMARK [2][-]{subsection.1.0.2}{}{section.1.1}% 32
\BOOKMARK [2][-]{subsection.1.0.2}{}{section.1.1}% 33
\BOOKMARK [2][-]{subsection.1.0.2}{}{section.1.1}% 34
\BOOKMARK [1][-]{section.1.1}{}{chapter.2}% 35
\BOOKMARK [1][-]{section.1.1}{}{chapter.2}% 36
\BOOKMARK [0][-]{chapter.2}{\376\377\000A\000d\000a\000p\000t\000a\000c\000i\000\363\000n\000\040\000a\000l\000\040\000S\000i\000t\000i\000o\000\040\000y\000\040\000A\000p\000r\000e\000n\000d\000i\000z\000a\000j\000e\000\040\000A\000u\000t\000o\000m\000\341\000t\000i\000c\000o}{}% 37
\BOOKMARK [1][-]{section.2.1}{\376\377\000I\000n\000t\000r\000o\000d\000u\000c\000c\000i\000\363\000n}{chapter.2}% 38
\BOOKMARK [1][-]{section.2.2}{\376\377\000A\000d\000a\000p\000t\000a\000c\000i\000\363\000n\000\040\000a\000l\000\040\000S\000i\000t\000i\000o\000\040\000\050\000S\000A\000\051}{chapter.2}% 39
\BOOKMARK [2][-]{subsection.2.2.1}{\376\377\000D\000e\000f\000i\000n\000i\000c\000i\000o\000n\000e\000s}{section.2.2}% 40
\BOOKMARK [2][-]{subsection.2.2.2}{\376\377\000P\000r\000o\000c\000e\000s\000o\000\040\000c\000o\000n\000c\000e\000p\000t\000u\000a\000l}{section.2.2}% 41
\BOOKMARK [1][-]{section.2.3}{\376\377\000E\000s\000t\000a\000d\000o\000\040\000d\000e\000l\000\040\000a\000r\000t\000e\000\040\000e\000n\000\040\000A\000d\000a\000p\000t\000a\000c\000i\000\363\000n\000\040\000a\000l\000\040\000S\000i\000t\000i\000o}{chapter.2}% 42
\BOOKMARK [1][-]{section.2.4}{\376\377\000C\000a\000r\000a\000c\000t\000e\000r\000\355\000s\000t\000i\000c\000a\000s\000,\000\040\000V\000e\000n\000t\000a\000j\000a\000s\000\040\000y\000\040\000D\000e\000s\000v\000e\000n\000t\000a\000j\000a\000s\000\040\000d\000e\000\040\000l\000a\000\040\000S\000A}{chapter.2}% 43
\BOOKMARK [2][-]{subsection.2.4.1}{\376\377\000C\000a\000r\000a\000c\000t\000e\000r\000\355\000s\000t\000i\000c\000a\000s}{section.2.4}% 44
\BOOKMARK [1][-]{section.2.5}{\376\377\000M\000o\000d\000e\000l\000o\000s\000\040\000d\000e\000\040\000A\000p\000r\000e\000n\000d\000i\000z\000a\000j\000e\000\040\000A\000u\000t\000o\000m\000\341\000t\000i\000c\000o\000\040\000a\000p\000l\000i\000c\000a\000d\000o\000s\000\040\000a\000\040\000S\000A}{chapter.2}% 45
\BOOKMARK [2][-]{subsection.2.5.1}{\376\377\000A\000r\000b\000o\000l\000e\000s\000\040\000d\000e\000\040\000D\000e\000c\000i\000s\000i\000\363\000n}{section.2.5}% 46
\BOOKMARK [2][-]{subsection.2.5.2}{\376\377\000R\000a\000n\000d\000o\000m\000\040\000F\000o\000r\000e\000s\000t}{section.2.5}% 47
\BOOKMARK [2][-]{subsection.2.5.2}{\376\377\000R\000a\000n\000d\000o\000m\000\040\000F\000o\000r\000e\000s\000t\000:\000\040\000U\000n\000\040\000E\000n\000f\000o\000q\000u\000e\000\040\000d\000e\000\040\000A\000p\000r\000e\000n\000d\000i\000z\000a\000j\000e\000\040\000A\000u\000t\000o\000m\000\341\000t\000i\000c\000o}{section.2.5}% 48
\BOOKMARK [2][-]{subsection.2.5.3}{\376\377\000X\000G\000B\000o\000o\000s\000t}{section.2.5}% 49
\BOOKMARK [1][-]{section.2.6}{\376\377\000E\000n\000t\000r\000e\000n\000a\000m\000i\000e\000n\000t\000o\000,\000\040\000V\000a\000l\000i\000d\000a\000c\000i\000\363\000n\000\040\000y\000\040\000P\000r\000u\000e\000b\000a}{chapter.2}% 50
\BOOKMARK [1][-]{section.2.7}{\376\377\000S\000\355\000n\000t\000e\000s\000i\000s\000\040\000d\000e\000l\000\040\000C\000a\000p\000\355\000t\000u\000l\000o}{chapter.2}% 51
\BOOKMARK [0][-]{chapter.3}{}{}% 52
\BOOKMARK [1][-]{section.2.1}{}{chapter.3}% 53
\BOOKMARK [2][-]{subsection.2.0.1}{}{section.2.1}% 54
\BOOKMARK [2][-]{subsection.2.0.1}{}{section.2.1}% 55
\BOOKMARK [1][-]{section.2.1}{}{chapter.3}% 56
\BOOKMARK [1][-]{section.2.1}{}{chapter.3}% 57
\BOOKMARK [2][-]{subsection.2.0.1}{}{section.2.1}% 58
\BOOKMARK [2][-]{subsection.2.0.1}{}{section.2.1}% 59
\BOOKMARK [2][-]{subsection.2.0.1}{}{section.2.1}% 60
\BOOKMARK [1][-]{section.2.1}{}{chapter.3}% 61
\BOOKMARK [1][-]{section.2.1}{}{chapter.3}% 62
\BOOKMARK [2][-]{subsection.2.0.1}{}{section.2.1}% 63
\BOOKMARK [2][-]{subsection.2.0.1}{}{section.2.1}% 64
\BOOKMARK [1][-]{section.2.1}{}{chapter.3}% 65
\BOOKMARK [1][-]{section.2.1}{}{chapter.3}% 66
\BOOKMARK [1][-]{section.2.1}{}{chapter.3}% 67
\BOOKMARK [0][-]{chapter.3}{\376\377\000A\000d\000a\000p\000t\000a\000c\000i\000\363\000n\000\040\000a\000l\000\040\000S\000i\000t\000i\000o\000\040\000e\000n\000\040\000N\000O\000A}{}% 68
\BOOKMARK [1][-]{section.3.1}{\376\377\000M\000e\000d\000i\000d\000a\000s\000\040\000e\000n\000\040\000s\000u\000p\000e\000r\000f\000i\000c\000i\000e}{chapter.3}% 69
\BOOKMARK [2][-]{subsection.3.1.1}{\376\377\000C\000o\000n\000t\000r\000o\000l\000\040\000d\000e\000\040\000C\000a\000l\000i\000d\000a\000d\000\040\000e\000n\000\040\000l\000a\000s\000\040\000M\000e\000d\000i\000d\000a\000s}{section.3.1}% 70
\BOOKMARK [2][-]{subsection.3.1.2}{\376\377\000M\000\351\000t\000r\000i\000c\000a\000s\000\040\000d\000e\000\040\000d\000e\000s\000e\000m\000p\000e\000\361\000o}{section.3.1}% 71
\BOOKMARK [1][-]{section.3.2}{\376\377\000M\000o\000d\000e\000l\000o\000s\000\040\000d\000e\000\040\000e\000s\000t\000i\000m\000a\000c\000i\000\363\000n}{chapter.3}% 72
\BOOKMARK [1][-]{section.3.3}{\376\377\000D\000e\000s\000e\000m\000p\000e\000\361\000o\000\040\000d\000e\000\040\000l\000o\000s\000\040\000m\000o\000d\000e\000l\000o\000s\000\040\000d\000e\000\040\000G\000H\000I\000\040\000e\000n\000\040\000e\000l\000\040\000N\000O\000A}{chapter.3}% 73
\BOOKMARK [2][-]{subsection.3.3.1}{\376\377\000A\000n\000\341\000l\000i\000s\000i\000s\000\040\000d\000e\000\040\000l\000a\000s\000\040\000e\000s\000t\000i\000m\000a\000c\000i\000o\000n\000e\000s\000\040\0001\0005\000-\000m\000i\000n\000u\000t\000a\000l\000e\000s}{section.3.3}% 74
\BOOKMARK [2][-]{subsection.3.3.2}{\376\377\000A\000n\000\341\000l\000i\000s\000i\000s\000\040\000d\000e\000\040\000l\000a\000s\000\040\000e\000s\000t\000i\000m\000a\000c\000i\000o\000n\000e\000s\000\040\000h\000o\000r\000a\000r\000i\000a\000s}{section.3.3}% 75
\BOOKMARK [2][-]{subsection.3.3.3}{\376\377\000D\000i\000v\000i\000s\000i\000\363\000n\000\040\000d\000e\000l\000\040\000c\000o\000n\000j\000u\000n\000t\000o\000\040\000d\000e\000\040\000d\000a\000t\000o\000s}{section.3.3}% 76
\BOOKMARK [1][-]{section.3.4}{\376\377\000A\000d\000a\000p\000t\000a\000c\000i\000\363\000n\000\040\000a\000l\000\040\000s\000i\000t\000i\000o\000\040\000c\000o\000n\000\040\000u\000n\000a\000\040\000v\000a\000r\000i\000a\000b\000l\000e\000\040\000d\000e\000s\000c\000r\000i\000p\000t\000i\000v\000a}{chapter.3}% 77
\BOOKMARK [1][-]{section.3.5}{\376\377\000A\000d\000a\000p\000t\000a\000c\000i\000\363\000n\000\040\000a\000l\000\040\000s\000i\000t\000i\000o\000\040\000c\000o\000n\000\040\000m\000\372\000l\000t\000i\000p\000l\000e\000s\000\040\000v\000a\000r\000i\000a\000b\000l\000e\000s\000\040\000d\000e\000s\000c\000r\000i\000p\000t\000i\000v\000a\000s}{chapter.3}% 78
\BOOKMARK [2][-]{subsection.3.5.1}{\376\377\000L\000a\000\040\000n\000e\000c\000e\000s\000i\000d\000a\000d\000\040\000d\000e\000\040\000u\000n\000\040\000a\000n\000\341\000l\000i\000s\000i\000s\000\040\000e\000x\000p\000l\000o\000r\000a\000t\000o\000r\000i\000o\000\040\000d\000e\000\040\000d\000a\000t\000o\000s}{section.3.5}% 79
\BOOKMARK [2][-]{subsection.3.5.2}{\376\377\000I\000m\000p\000l\000e\000m\000e\000n\000t\000a\000c\000i\000\363\000n\000\040\000d\000e\000\040\000l\000a\000\040\000a\000d\000a\000p\000t\000a\000c\000i\000\363\000n\000\040\000c\000o\000n\000\040\000m\000\372\000l\000t\000i\000p\000l\000e\000s\000\040\000r\000e\000g\000r\000e\000s\000o\000r\000e\000s}{section.3.5}% 80
\BOOKMARK [1][-]{section.3.6}{\376\377\000A\000d\000a\000p\000t\000a\000c\000i\000\363\000n\000\040\000a\000l\000\040\000s\000i\000t\000i\000o\000\040\000u\000s\000a\000n\000d\000o\000\040\000c\000e\000l\000d\000a\000s\000\040\000s\000a\000t\000e\000l\000i\000t\000\341\000l\000e\000s\000\040\000a\000d\000y\000a\000c\000e\000n\000t\000e\000s\000\040\000a\000l\000\040\000s\000i\000t\000i\000o\000\040\000d\000e\000\040\000i\000n\000t\000e\000r\000\351\000s}{chapter.3}% 81
\BOOKMARK [1][-]{section.3.7}{\376\377\000A\000d\000a\000p\000t\000a\000c\000i\000\363\000n\000\040\000a\000l\000\040\000s\000i\000t\000i\000o\000\040\000t\000o\000m\000a\000n\000d\000o\000\040\000c\000o\000n\000s\000i\000d\000e\000r\000a\000c\000i\000o\000n\000e\000s\000\040\000d\000e\000\040\000u\000n\000a\000\040\000s\000e\000r\000i\000e\000\040\000t\000e\000m\000p\000o\000r\000a\000l}{chapter.3}% 82
\BOOKMARK [1][-]{section.3.8}{\376\377\000V\000a\000l\000i\000d\000a\000c\000i\000\363\000n\000\040\000c\000r\000u\000z\000a\000d\000a\000\040\000d\000e\000\040\000l\000o\000s\000\040\000m\000o\000d\000e\000l\000o\000s\000\040\000d\000e\000\040\000a\000d\000a\000p\000t\000a\000c\000i\000\363\000n\000\040\000a\000l\000\040\000s\000i\000t\000i\000o}{chapter.3}% 83
\BOOKMARK [0][-]{chapter.4}{}{}% 84
\BOOKMARK [1][-]{section.3.1}{}{chapter.4}% 85
\BOOKMARK [2][-]{subsection.3.0.1}{}{section.3.1}% 86
\BOOKMARK [2][-]{subsection.3.0.1}{}{section.3.1}% 87
\BOOKMARK [2][-]{subsection.3.0.1}{}{section.3.1}% 88
\BOOKMARK [2][-]{subsection.3.0.1}{}{section.3.1}% 89
\BOOKMARK [2][-]{subsection.3.0.1}{}{section.3.1}% 90
\BOOKMARK [0][-]{chapter.4}{\376\377\000C\000o\000n\000c\000l\000u\000s\000i\000o\000n\000e\000s}{}% 91
\BOOKMARK [1][-]{section.4.1}{\376\377\000C\000o\000n\000c\000l\000u\000s\000i\000o\000n\000e\000s\000\040\000s\000o\000b\000r\000e\000\040\000l\000o\000s\000\040\000m\000o\000d\000e\000l\000o\000s\000\040\000s\000a\000t\000e\000l\000i\000t\000a\000l\000e\000s\000\040\000u\000t\000i\000l\000i\000z\000a\000d\000o\000s\000\040\000p\000a\000r\000a\000\040\000l\000a\000\040\000e\000s\000t\000i\000m\000a\000c\000i\000\363\000n\000\040\000d\000e\000\040\000G\000H\000I}{chapter.4}% 92
\BOOKMARK [2][-]{subsection.4.1.1}{\376\377\000C\000o\000n\000c\000l\000u\000s\000i\000o\000n\000e\000s\000\040\000s\000o\000b\000r\000e\000\040\000l\000a\000\040\000A\000d\000a\000p\000t\000a\000c\000i\000\363\000n\000\040\000a\000l\000\040\000S\000i\000t\000i\000o\000\040\000c\000o\000n\000\040\000v\000a\000r\000i\000a\000b\000l\000e\000s\000\040\000d\000e\000s\000c\000r\000i\000p\000t\000i\000v\000a\000s}{section.4.1}% 93
\BOOKMARK [2][-]{subsection.4.1.2}{\376\377\000C\000o\000n\000c\000l\000u\000s\000i\000o\000n\000e\000s\000\040\000s\000o\000b\000r\000e\000\040\000l\000a\000\040\000v\000a\000l\000i\000d\000a\000c\000i\000\363\000n\000\040\000c\000r\000u\000z\000a\000d\000a\000\040\000y\000\040\000l\000a\000\040\000g\000e\000n\000e\000r\000a\000l\000i\000z\000a\000c\000i\000\363\000n\000\040\000e\000s\000p\000a\000c\000i\000a\000l}{section.4.1}% 94
\BOOKMARK [2][-]{subsection.4.1.3}{\376\377\000S\000\355\000n\000t\000e\000s\000i\000s\000\040\000c\000o\000n\000c\000e\000p\000t\000u\000a\000l\000\040\000d\000e\000l\000\040\000a\000p\000o\000r\000t\000e\000\040\000d\000e\000\040\000l\000a\000\040\000t\000e\000s\000i\000s}{section.4.1}% 95
\BOOKMARK [2][-]{subsection.4.1.4}{\376\377\000P\000e\000r\000s\000p\000e\000c\000t\000i\000v\000a\000s\000\040\000a\000\040\000f\000u\000t\000u\000r\000o}{section.4.1}% 96
\BOOKMARK [2][-]{subsection.4.1.5}{\376\377\000C\000o\000n\000c\000l\000u\000s\000i\000\363\000n\000\040\000f\000i\000n\000a\000l}{section.4.1}% 97
\BOOKMARK [0][-]{subsection.4.1.5}{}{}% 98
\BOOKMARK [0][-]{section*.86}{\376\377\000A\000n\000e\000x\000o\000\040\0001}{}% 99
\BOOKMARK [0][-]{equation.4.1.8}{}{}% 100
\BOOKMARK [0][-]{equation.4.1.8}{\376\377\000A\000n\000e\000x\000o\000\040\0002}{}% 101
\BOOKMARK [0][-]{figure.caption.109}{}{}% 102
\BOOKMARK [0][-]{figure.caption.109}{\376\377\000A\000n\000e\000x\000o\000\040\0003}{}% 103
