\BOOKMARK [0][-]{Doc-Start}{\376\377\000A\000g\000r\000a\000d\000e\000c\000i\000m\000i\000e\000n\000t\000o\000s\000.}{}% 1
\BOOKMARK [0][-]{chapter*.2}{\376\377\000\315\000n\000d\000i\000c\000e\000\040\000d\000e\000\040\000f\000i\000g\000u\000r\000a\000s}{}% 2
\BOOKMARK [0][-]{chapter*.3}{\376\377\000\315\000n\000d\000i\000c\000e\000\040\000d\000e\000\040\000t\000a\000b\000l\000a\000s}{}% 3
\BOOKMARK [0][-]{chapter*.4}{\376\377\000R\000e\000s\000u\000m\000e\000n\000.}{}% 4
\BOOKMARK [0][-]{chapter.1}{\376\377\000I\000n\000t\000r\000o\000d\000u\000c\000c\000i\000\363\000n}{}% 5
\BOOKMARK [1][-]{section.1.1}{\376\377\000M\000o\000t\000i\000v\000o\000\040\000d\000e\000\040\000l\000a\000\040\000t\000e\000s\000i\000s}{chapter.1}% 6
\BOOKMARK [1][-]{section.1.2}{\376\377\000M\000e\000t\000o\000d\000o\000l\000o\000g\000\355\000a}{chapter.1}% 7
\BOOKMARK [1][-]{section.1.3}{\376\377\000A\000n\000t\000e\000c\000e\000d\000e\000n\000t\000e\000s\000\040\000d\000e\000l\000\040\000e\000s\000t\000u\000d\000i\000o\000\040\000d\000e\000\040\000l\000a\000\040\000r\000a\000d\000i\000a\000c\000i\000\363\000n\000\040\000s\000o\000l\000a\000r\000\040\000e\000n\000\040\000A\000r\000g\000e\000n\000t\000i\000n\000a\000\040\000y\000\040\000e\000l\000\040\000N\000O\000A\000.}{chapter.1}% 8
\BOOKMARK [1][-]{section.1.4}{\376\377\000R\000e\000d\000e\000s\000\040\000d\000e\000\040\000M\000e\000d\000i\000d\000a\000s}{chapter.1}% 9
\BOOKMARK [1][-]{section.1.5}{\376\377\000M\000o\000d\000e\000l\000o\000s\000\040\000d\000e\000\040\000E\000s\000t\000i\000m\000a\000c\000i\000\363\000n}{chapter.1}% 10
\BOOKMARK [1][-]{section.1.6}{\376\377\000C\000o\000n\000t\000r\000o\000l\000\040\000d\000e\000\040\000C\000a\000l\000i\000d\000a\000d}{chapter.1}% 11
\BOOKMARK [0][-]{chapter.2}{\376\377\000A\000d\000a\000p\000t\000a\000c\000i\000\363\000n\000\040\000a\000l\000\040\000S\000i\000t\000i\000o\000\040\000y\000\040\000A\000p\000r\000e\000n\000d\000i\000z\000a\000j\000e\000\040\000A\000u\000t\000o\000m\000\341\000t\000i\000c\000o}{}% 12
\BOOKMARK [1][-]{section.2.1}{\376\377\000I\000n\000t\000r\000o\000d\000u\000c\000c\000i\000\363\000n}{chapter.2}% 13
\BOOKMARK [1][-]{section.2.2}{\376\377\000A\000d\000a\000p\000t\000a\000c\000i\000\363\000n\000\040\000a\000l\000\040\000S\000i\000t\000i\000o\000\040\000\050\000S\000A\000\051}{chapter.2}% 14
\BOOKMARK [2][-]{subsection.2.2.1}{\376\377\000D\000e\000f\000i\000n\000i\000c\000i\000o\000n\000e\000s}{section.2.2}% 15
\BOOKMARK [2][-]{subsection.2.2.2}{\376\377\000P\000r\000o\000c\000e\000s\000o\000\040\000c\000o\000n\000c\000e\000p\000t\000u\000a\000l}{section.2.2}% 16
\BOOKMARK [1][-]{section.2.3}{\376\377\000E\000s\000t\000a\000d\000o\000\040\000d\000e\000l\000\040\000a\000r\000t\000e\000\040\000e\000n\000\040\000A\000d\000a\000p\000t\000a\000c\000i\000\363\000n\000\040\000a\000l\000\040\000S\000i\000t\000i\000o}{chapter.2}% 17
\BOOKMARK [1][-]{section.2.4}{\376\377\000C\000a\000r\000a\000c\000t\000e\000r\000\355\000s\000t\000i\000c\000a\000s\000,\000\040\000V\000e\000n\000t\000a\000j\000a\000s\000\040\000y\000\040\000D\000e\000s\000v\000e\000n\000t\000a\000j\000a\000s\000\040\000d\000e\000\040\000l\000a\000\040\000S\000A}{chapter.2}% 18
\BOOKMARK [2][-]{subsection.2.4.1}{\376\377\000C\000a\000r\000a\000c\000t\000e\000r\000\355\000s\000t\000i\000c\000a\000s}{section.2.4}% 19
\BOOKMARK [1][-]{section.2.5}{\376\377\000M\000o\000d\000e\000l\000o\000s\000\040\000d\000e\000\040\000A\000p\000r\000e\000n\000d\000i\000z\000a\000j\000e\000\040\000A\000u\000t\000o\000m\000\341\000t\000i\000c\000o\000\040\000a\000p\000l\000i\000c\000a\000d\000o\000s\000\040\000a\000\040\000S\000A}{chapter.2}% 20
\BOOKMARK [2][-]{subsection.2.5.1}{\376\377\000A\000r\000b\000o\000l\000e\000s\000\040\000d\000e\000\040\000D\000e\000c\000i\000s\000i\000\363\000n}{section.2.5}% 21
\BOOKMARK [2][-]{subsection.2.5.2}{\376\377\000R\000a\000n\000d\000o\000m\000\040\000F\000o\000r\000e\000s\000t}{section.2.5}% 22
\BOOKMARK [2][-]{subsection.2.5.2}{\376\377\000R\000a\000n\000d\000o\000m\000\040\000F\000o\000r\000e\000s\000t\000:\000\040\000U\000n\000\040\000E\000n\000f\000o\000q\000u\000e\000\040\000d\000e\000\040\000A\000p\000r\000e\000n\000d\000i\000z\000a\000j\000e\000\040\000A\000u\000t\000o\000m\000\341\000t\000i\000c\000o}{section.2.5}% 23
\BOOKMARK [2][-]{subsection.2.5.3}{\376\377\000X\000G\000B\000o\000o\000s\000t}{section.2.5}% 24
\BOOKMARK [1][-]{section.2.6}{\376\377\000E\000n\000t\000r\000e\000n\000a\000m\000i\000e\000n\000t\000o\000,\000\040\000V\000a\000l\000i\000d\000a\000c\000i\000\363\000n\000\040\000y\000\040\000P\000r\000u\000e\000b\000a}{chapter.2}% 25
\BOOKMARK [1][-]{section.2.7}{\376\377\000S\000\355\000n\000t\000e\000t\000i\000s\000\040\000d\000e\000l\000\040\000C\000a\000p\000\355\000t\000u\000l\000o}{chapter.2}% 26
\BOOKMARK [0][-]{chapter.3}{\376\377\000A\000d\000a\000p\000t\000a\000c\000i\000\363\000n\000\040\000a\000l\000\040\000S\000i\000t\000i\000o\000\040\000e\000n\000\040\000N\000O\000A}{}% 27
\BOOKMARK [1][-]{section.3.1}{\376\377\000M\000e\000d\000i\000d\000a\000s\000\040\000e\000n\000\040\000s\000u\000p\000e\000r\000f\000i\000c\000i\000e}{chapter.3}% 28
\BOOKMARK [2][-]{subsection.3.1.1}{\376\377\000C\000o\000n\000t\000r\000o\000l\000\040\000d\000e\000\040\000C\000a\000l\000i\000d\000a\000d\000\040\000e\000n\000\040\000l\000a\000s\000\040\000M\000e\000d\000i\000d\000a\000s}{section.3.1}% 29
\BOOKMARK [2][-]{subsection.3.1.2}{\376\377\000M\000\351\000t\000r\000i\000c\000a\000s\000\040\000d\000e\000\040\000d\000e\000s\000e\000m\000p\000e\000\361\000o}{section.3.1}% 30
\BOOKMARK [1][-]{section.3.2}{\376\377\000M\000o\000d\000e\000l\000o\000s\000\040\000d\000e\000\040\000e\000s\000t\000i\000m\000a\000c\000i\000\363\000n}{chapter.3}% 31
\BOOKMARK [1][-]{section.3.3}{\376\377\000D\000e\000s\000e\000m\000p\000e\000\361\000o\000\040\000d\000e\000\040\000l\000o\000s\000\040\000m\000o\000d\000e\000l\000o\000s\000\040\000d\000e\000\040\000G\000H\000I\000\040\000e\000n\000\040\000e\000l\000\040\000N\000O\000A}{chapter.3}% 32
\BOOKMARK [2][-]{subsection.3.3.1}{\376\377\000A\000n\000\341\000l\000i\000s\000i\000s\000\040\000d\000e\000\040\000l\000a\000s\000\040\000e\000s\000t\000i\000m\000a\000c\000i\000o\000n\000e\000s\000\040\0001\0005\000-\000m\000i\000n\000u\000t\000a\000l\000e\000s}{section.3.3}% 33
\BOOKMARK [2][-]{subsection.3.3.2}{\376\377\000A\000n\000\341\000l\000i\000s\000i\000s\000\040\000d\000e\000\040\000l\000a\000s\000\040\000e\000s\000t\000i\000m\000a\000c\000i\000o\000n\000e\000s\000\040\000h\000o\000r\000a\000r\000i\000a\000s}{section.3.3}% 34
\BOOKMARK [2][-]{subsection.3.3.3}{\376\377\000D\000i\000v\000i\000s\000i\000\363\000n\000\040\000d\000e\000l\000\040\000c\000o\000n\000j\000u\000n\000t\000o\000\040\000d\000e\000\040\000d\000a\000t\000o\000s}{section.3.3}% 35
\BOOKMARK [1][-]{section.3.4}{\376\377\000A\000d\000a\000p\000t\000a\000c\000i\000\363\000n\000\040\000a\000l\000\040\000s\000i\000t\000i\000o\000\040\000c\000o\000n\000\040\000u\000n\000a\000\040\000v\000a\000r\000i\000a\000b\000l\000e\000\040\000d\000e\000s\000c\000r\000i\000p\000t\000i\000v\000a}{chapter.3}% 36
\BOOKMARK [1][-]{section.3.5}{\376\377\000A\000d\000a\000p\000t\000a\000c\000i\000\363\000n\000\040\000a\000l\000\040\000s\000i\000t\000i\000o\000\040\000c\000o\000n\000\040\000m\000\372\000l\000t\000i\000p\000l\000e\000s\000\040\000v\000a\000r\000i\000a\000b\000l\000e\000s\000\040\000d\000e\000s\000c\000r\000i\000p\000t\000i\000v\000a\000s}{chapter.3}% 37
\BOOKMARK [2][-]{subsection.3.5.1}{\376\377\000L\000a\000\040\000n\000e\000c\000e\000s\000i\000d\000a\000d\000\040\000d\000e\000\040\000u\000n\000\040\000a\000n\000\341\000l\000i\000s\000i\000s\000\040\000e\000x\000p\000l\000o\000r\000a\000t\000o\000r\000i\000o\000\040\000d\000e\000\040\000d\000a\000t\000o\000s}{section.3.5}% 38
\BOOKMARK [2][-]{subsection.3.5.2}{\376\377\000I\000m\000p\000l\000e\000m\000e\000n\000t\000a\000c\000i\000\363\000n\000\040\000d\000e\000\040\000l\000a\000\040\000a\000d\000a\000p\000t\000a\000c\000i\000\363\000n\000\040\000c\000o\000n\000\040\000m\000\372\000l\000t\000i\000p\000l\000e\000s\000\040\000r\000e\000g\000r\000e\000s\000o\000r\000e\000s}{section.3.5}% 39
\BOOKMARK [1][-]{section.3.6}{\376\377\000A\000d\000a\000p\000t\000a\000c\000i\000\363\000n\000\040\000a\000l\000\040\000s\000i\000t\000i\000o\000\040\000u\000s\000a\000n\000d\000o\000\040\000c\000e\000l\000d\000a\000s\000\040\000s\000a\000t\000e\000l\000i\000t\000\341\000l\000e\000s\000\040\000a\000d\000y\000a\000c\000e\000n\000t\000e\000s\000\040\000a\000l\000\040\000s\000i\000t\000i\000o\000\040\000d\000e\000\040\000i\000n\000t\000e\000r\000\351\000s}{chapter.3}% 40
\BOOKMARK [1][-]{section.3.7}{\376\377\000A\000d\000a\000p\000t\000a\000c\000i\000\363\000n\000\040\000a\000l\000\040\000s\000i\000t\000i\000o\000\040\000t\000o\000m\000a\000n\000d\000o\000\040\000c\000o\000n\000s\000i\000d\000e\000r\000a\000c\000i\000o\000n\000e\000s\000\040\000d\000e\000\040\000u\000n\000a\000\040\000s\000e\000r\000i\000e\000\040\000t\000e\000m\000p\000o\000r\000a\000l}{chapter.3}% 41
\BOOKMARK [1][-]{section.3.8}{\376\377\000V\000a\000l\000i\000d\000a\000c\000i\000\363\000n\000\040\000c\000r\000u\000z\000a\000d\000a\000\040\000d\000e\000\040\000l\000o\000s\000\040\000m\000o\000d\000e\000l\000o\000s\000\040\000d\000e\000\040\000a\000d\000a\000p\000t\000a\000c\000i\000\363\000n\000\040\000a\000l\000\040\000s\000i\000t\000i\000o}{chapter.3}% 42
\BOOKMARK [0][-]{chapter.4}{\376\377\000C\000o\000n\000c\000l\000u\000s\000i\000o\000n\000e\000s}{}% 43
\BOOKMARK [1][-]{section.4.1}{\376\377\000C\000o\000n\000c\000l\000u\000s\000i\000o\000n\000e\000s\000\040\000s\000o\000b\000r\000e\000\040\000l\000o\000s\000\040\000m\000o\000d\000e\000l\000o\000s\000\040\000s\000a\000t\000e\000l\000i\000t\000a\000l\000e\000s\000\040\000u\000t\000i\000l\000i\000z\000a\000d\000o\000s\000\040\000p\000a\000r\000a\000\040\000l\000a\000\040\000e\000s\000t\000i\000m\000a\000c\000i\000\363\000n\000\040\000d\000e\000\040\000G\000H\000I}{chapter.4}% 44
\BOOKMARK [2][-]{subsection.4.1.1}{\376\377\000C\000o\000n\000c\000l\000u\000s\000i\000o\000n\000e\000s\000\040\000s\000o\000b\000r\000e\000\040\000l\000a\000\040\000A\000d\000a\000p\000t\000a\000c\000i\000\363\000n\000\040\000a\000l\000\040\000S\000i\000t\000i\000o\000\040\000c\000o\000n\000\040\000v\000a\000r\000i\000a\000b\000l\000e\000s\000\040\000d\000e\000s\000c\000r\000i\000p\000t\000i\000v\000a\000s}{section.4.1}% 45
\BOOKMARK [2][-]{subsection.4.1.2}{\376\377\000C\000o\000n\000c\000l\000u\000s\000i\000o\000n\000e\000s\000\040\000s\000o\000b\000r\000e\000\040\000l\000a\000\040\000v\000a\000l\000i\000d\000a\000c\000i\000\363\000n\000\040\000c\000r\000u\000z\000a\000d\000a\000\040\000y\000\040\000l\000a\000\040\000g\000e\000n\000e\000r\000a\000l\000i\000z\000a\000c\000i\000\363\000n\000\040\000e\000s\000p\000a\000c\000i\000a\000l}{section.4.1}% 46
\BOOKMARK [2][-]{subsection.4.1.3}{\376\377\000S\000\355\000n\000t\000e\000s\000i\000s\000\040\000c\000o\000n\000c\000e\000p\000t\000u\000a\000l\000\040\000d\000e\000l\000\040\000a\000p\000o\000r\000t\000e\000\040\000d\000e\000\040\000l\000a\000\040\000t\000e\000s\000i\000s}{section.4.1}% 47
\BOOKMARK [2][-]{subsection.4.1.4}{\376\377\000P\000e\000r\000s\000p\000e\000c\000t\000i\000v\000a\000s\000\040\000a\000\040\000f\000u\000t\000u\000r\000o}{section.4.1}% 48
\BOOKMARK [2][-]{subsection.4.1.5}{\376\377\000C\000o\000n\000c\000l\000u\000s\000i\000\363\000n\000\040\000f\000i\000n\000a\000l}{section.4.1}% 49
\BOOKMARK [0][-]{chapter*.64}{\376\377\000A\000n\000e\000x\000o\000\040\0001}{}% 50
\BOOKMARK [0][-]{equation.4.1.8}{\376\377\000A\000n\000e\000x\000o\000\040\0001}{}% 51
\BOOKMARK [0][-]{figure.caption.87}{\376\377\000A\000n\000e\000x\000o\000\040\0001}{}% 52
